interactions:
- request:
    body: null
    headers:
      Connection:
      - close
      Host:
      - 35.237.210.125
      User-Agent:
      - Python-urllib/3.6
    method: GET
    uri: http://35.237.210.125/checkmd2/check_mk/webapi.py?effective_attributes=0&action=get_all_hosts&output_format=json&_username=cmkadmin1&_secret=%40HEBECXCDWXXISGBAAWQ
  response:
    body:
      string: '{"result": {}, "result_code": 0}'
    headers:
      Cache-Control:
      - no-cache
      Connection:
      - close
      Content-Length:
      - '32'
      Content-Type:
      - application/json; charset=UTF-8
      Date:
      - Tue, 19 Mar 2019 19:50:29 GMT
      Server:
      - Apache/2.4.25 (Debian)
      Vary:
      - Cookie
    status:
      code: 200
      message: OK
- request:
    body: 'request={"hostname": "host00", "folder": "/", "attributes": {}}'
    headers:
      Connection:
      - close
      Content-Length:
      - '63'
      Content-Type:
      - application/x-www-form-urlencoded
      Host:
      - 35.237.210.125
      User-Agent:
      - Python-urllib/3.6
    method: POST
    uri: http://35.237.210.125/checkmd2/check_mk/webapi.py?action=add_host&output_format=json&_username=cmkadmin1&_secret=%40HEBECXCDWXXISGBAAWQ
  response:
    body:
      string: '{"result": null, "result_code": 0}'
    headers:
      Cache-Control:
      - no-cache
      Connection:
      - close
      Content-Length:
      - '34'
      Content-Type:
      - application/json; charset=UTF-8
      Date:
      - Tue, 19 Mar 2019 19:50:29 GMT
      Server:
      - Apache/2.4.25 (Debian)
      Vary:
      - Cookie
    status:
      code: 200
      message: OK
- request:
    body: 'request={"hostname": "host01", "folder": "/", "attributes": {}}'
    headers:
      Connection:
      - close
      Content-Length:
      - '63'
      Content-Type:
      - application/x-www-form-urlencoded
      Host:
      - 35.237.210.125
      User-Agent:
      - Python-urllib/3.6
    method: POST
    uri: http://35.237.210.125/checkmd2/check_mk/webapi.py?action=add_host&output_format=json&_username=cmkadmin1&_secret=%40HEBECXCDWXXISGBAAWQ
  response:
    body:
      string: '{"result": null, "result_code": 0}'
    headers:
      Cache-Control:
      - no-cache
      Connection:
      - close
      Content-Length:
      - '34'
      Content-Type:
      - application/json; charset=UTF-8
      Date:
      - Tue, 19 Mar 2019 19:50:29 GMT
      Server:
      - Apache/2.4.25 (Debian)
      Vary:
      - Cookie
    status:
      code: 200
      message: OK
- request:
    body: null
    headers:
      Connection:
      - close
      Host:
      - 35.237.210.125
      User-Agent:
      - Python-urllib/3.6
    method: GET
    uri: http://35.237.210.125/checkmd2/check_mk/webapi.py?effective_attributes=0&action=get_all_hosts&output_format=json&_username=cmkadmin1&_secret=%40HEBECXCDWXXISGBAAWQ
  response:
    body:
      string: '{"result": {"host00": {"attributes": {}, "hostname": "host00", "path":
        ""}, "host01": {"attributes": {}, "hostname": "host01", "path": ""}}, "result_code":
        0}'
    headers:
      Cache-Control:
      - no-cache
      Connection:
      - close
      Content-Length:
      - '158'
      Content-Type:
      - application/json; charset=UTF-8
      Date:
      - Tue, 19 Mar 2019 19:50:29 GMT
      Server:
      - Apache/2.4.25 (Debian)
      Vary:
      - Cookie
    status:
      code: 200
      message: OK
- request:
    body: null
    headers:
      Connection:
      - close
      Host:
      - 35.237.210.125
      User-Agent:
      - Python-urllib/3.6
    method: GET
    uri: http://35.237.210.125/checkmd2/check_mk/webapi.py?effective_attributes=0&action=get_all_hosts&output_format=json&_username=cmkadmin1&_secret=%40HEBECXCDWXXISGBAAWQ
  response:
    body:
      string: '{"result": {}, "result_code": 0}'
    headers:
      Cache-Control:
      - no-cache
      Connection:
      - close
      Content-Length:
      - '32'
      Content-Type:
      - application/json; charset=UTF-8
      Date:
      - Tue, 19 Mar 2019 19:52:14 GMT
      Server:
      - Apache/2.4.25 (Debian)
      Vary:
      - Cookie
    status:
      code: 200
      message: OK
- request:
    body: 'request={"hostname": "host00", "folder": "/", "attributes": {}}'
    headers:
      Connection:
      - close
      Content-Length:
      - '63'
      Content-Type:
      - application/x-www-form-urlencoded
      Host:
      - 35.237.210.125
      User-Agent:
      - Python-urllib/3.6
    method: POST
    uri: http://35.237.210.125/checkmd2/check_mk/webapi.py?action=add_host&output_format=json&_username=cmkadmin1&_secret=%40HEBECXCDWXXISGBAAWQ
  response:
    body:
      string: '{"result": null, "result_code": 0}'
    headers:
      Cache-Control:
      - no-cache
      Connection:
      - close
      Content-Length:
      - '34'
      Content-Type:
      - application/json; charset=UTF-8
      Date:
      - Tue, 19 Mar 2019 19:52:14 GMT
      Server:
      - Apache/2.4.25 (Debian)
      Vary:
      - Cookie
    status:
      code: 200
      message: OK
- request:
    body: 'request={"hostname": "host01", "folder": "/", "attributes": {}}'
    headers:
      Connection:
      - close
      Content-Length:
      - '63'
      Content-Type:
      - application/x-www-form-urlencoded
      Host:
      - 35.237.210.125
      User-Agent:
      - Python-urllib/3.6
    method: POST
    uri: http://35.237.210.125/checkmd2/check_mk/webapi.py?action=add_host&output_format=json&_username=cmkadmin1&_secret=%40HEBECXCDWXXISGBAAWQ
  response:
    body:
      string: '{"result": null, "result_code": 0}'
    headers:
      Cache-Control:
      - no-cache
      Connection:
      - close
      Content-Length:
      - '34'
      Content-Type:
      - application/json; charset=UTF-8
      Date:
      - Tue, 19 Mar 2019 19:52:15 GMT
      Server:
      - Apache/2.4.25 (Debian)
      Vary:
      - Cookie
    status:
      code: 200
      message: OK
- request:
    body: null
    headers:
      Connection:
      - close
      Host:
      - 35.237.210.125
      User-Agent:
      - Python-urllib/3.6
    method: GET
    uri: http://35.237.210.125/checkmd2/check_mk/webapi.py?effective_attributes=0&action=get_all_hosts&output_format=json&_username=cmkadmin1&_secret=%40HEBECXCDWXXISGBAAWQ
  response:
    body:
      string: '{"result": {"host00": {"attributes": {}, "hostname": "host00", "path":
        ""}, "host01": {"attributes": {}, "hostname": "host01", "path": ""}}, "result_code":
        0}'
    headers:
      Cache-Control:
      - no-cache
      Connection:
      - close
      Content-Length:
      - '158'
      Content-Type:
      - application/json; charset=UTF-8
      Date:
      - Tue, 19 Mar 2019 19:52:15 GMT
      Server:
      - Apache/2.4.25 (Debian)
      Vary:
      - Cookie
    status:
      code: 200
      message: OK
- request:
    body: null
    headers:
      Connection:
      - close
      Host:
      - 35.237.210.125
      User-Agent:
      - Python-urllib/3.6
    method: GET
    uri: http://35.237.210.125/checkmd2/check_mk/webapi.py?effective_attributes=0&action=get_all_hosts&output_format=json&_username=cmkadmin1&_secret=%40HEBECXCDWXXISGBAAWQ
  response:
    body:
      string: '{"result": {}, "result_code": 0}'
    headers:
      Cache-Control:
      - no-cache
      Connection:
      - close
      Content-Length:
      - '32'
      Content-Type:
      - application/json; charset=UTF-8
      Date:
      - Tue, 19 Mar 2019 19:53:11 GMT
      Server:
      - Apache/2.4.25 (Debian)
      Vary:
      - Cookie
    status:
      code: 200
      message: OK
- request:
    body: 'request={"hostname": "host00", "folder": "/", "attributes": {}}'
    headers:
      Connection:
      - close
      Content-Length:
      - '63'
      Content-Type:
      - application/x-www-form-urlencoded
      Host:
      - 35.237.210.125
      User-Agent:
      - Python-urllib/3.6
    method: POST
    uri: http://35.237.210.125/checkmd2/check_mk/webapi.py?action=add_host&output_format=json&_username=cmkadmin1&_secret=%40HEBECXCDWXXISGBAAWQ
  response:
    body:
      string: '{"result": null, "result_code": 0}'
    headers:
      Cache-Control:
      - no-cache
      Connection:
      - close
      Content-Length:
      - '34'
      Content-Type:
      - application/json; charset=UTF-8
      Date:
      - Tue, 19 Mar 2019 19:53:11 GMT
      Server:
      - Apache/2.4.25 (Debian)
      Vary:
      - Cookie
    status:
      code: 200
      message: OK
- request:
    body: 'request={"hostname": "host01", "folder": "/", "attributes": {}}'
    headers:
      Connection:
      - close
      Content-Length:
      - '63'
      Content-Type:
      - application/x-www-form-urlencoded
      Host:
      - 35.237.210.125
      User-Agent:
      - Python-urllib/3.6
    method: POST
    uri: http://35.237.210.125/checkmd2/check_mk/webapi.py?action=add_host&output_format=json&_username=cmkadmin1&_secret=%40HEBECXCDWXXISGBAAWQ
  response:
    body:
      string: '{"result": null, "result_code": 0}'
    headers:
      Cache-Control:
      - no-cache
      Connection:
      - close
      Content-Length:
      - '34'
      Content-Type:
      - application/json; charset=UTF-8
      Date:
      - Tue, 19 Mar 2019 19:53:12 GMT
      Server:
      - Apache/2.4.25 (Debian)
      Vary:
      - Cookie
    status:
      code: 200
      message: OK
- request:
    body: null
    headers:
      Connection:
      - close
      Host:
      - 35.237.210.125
      User-Agent:
      - Python-urllib/3.6
    method: GET
    uri: http://35.237.210.125/checkmd2/check_mk/webapi.py?effective_attributes=0&action=get_all_hosts&output_format=json&_username=cmkadmin1&_secret=%40HEBECXCDWXXISGBAAWQ
  response:
    body:
      string: '{"result": {"host00": {"attributes": {}, "hostname": "host00", "path":
        ""}, "host01": {"attributes": {}, "hostname": "host01", "path": ""}}, "result_code":
        0}'
    headers:
      Cache-Control:
      - no-cache
      Connection:
      - close
      Content-Length:
      - '158'
      Content-Type:
      - application/json; charset=UTF-8
      Date:
      - Tue, 19 Mar 2019 19:53:12 GMT
      Server:
      - Apache/2.4.25 (Debian)
      Vary:
      - Cookie
    status:
      code: 200
      message: OK
- request:
    body: null
    headers:
      Connection:
      - close
      Host:
      - 35.237.210.125
      User-Agent:
      - Python-urllib/3.6
    method: GET
    uri: http://35.237.210.125/checkmd2/check_mk/webapi.py?effective_attributes=0&action=get_all_hosts&output_format=json&_username=cmkadmin1&_secret=%40HEBECXCDWXXISGBAAWQ
  response:
    body:
      string: '{"result": {}, "result_code": 0}'
    headers:
      Cache-Control:
      - no-cache
      Connection:
      - close
      Content-Length:
      - '32'
      Content-Type:
      - application/json; charset=UTF-8
      Date:
      - Tue, 19 Mar 2019 19:53:48 GMT
      Server:
      - Apache/2.4.25 (Debian)
      Vary:
      - Cookie
    status:
      code: 200
      message: OK
- request:
    body: 'request={"hostname": "host00", "folder": "/", "attributes": {}}'
    headers:
      Connection:
      - close
      Content-Length:
      - '63'
      Content-Type:
      - application/x-www-form-urlencoded
      Host:
      - 35.237.210.125
      User-Agent:
      - Python-urllib/3.6
    method: POST
    uri: http://35.237.210.125/checkmd2/check_mk/webapi.py?action=add_host&output_format=json&_username=cmkadmin1&_secret=%40HEBECXCDWXXISGBAAWQ
  response:
    body:
      string: '{"result": null, "result_code": 0}'
    headers:
      Cache-Control:
      - no-cache
      Connection:
      - close
      Content-Length:
      - '34'
      Content-Type:
      - application/json; charset=UTF-8
      Date:
      - Tue, 19 Mar 2019 19:53:48 GMT
      Server:
      - Apache/2.4.25 (Debian)
      Vary:
      - Cookie
    status:
      code: 200
      message: OK
- request:
    body: 'request={"hostname": "host01", "folder": "/", "attributes": {}}'
    headers:
      Connection:
      - close
      Content-Length:
      - '63'
      Content-Type:
      - application/x-www-form-urlencoded
      Host:
      - 35.237.210.125
      User-Agent:
      - Python-urllib/3.6
    method: POST
    uri: http://35.237.210.125/checkmd2/check_mk/webapi.py?action=add_host&output_format=json&_username=cmkadmin1&_secret=%40HEBECXCDWXXISGBAAWQ
  response:
    body:
      string: '{"result": null, "result_code": 0}'
    headers:
      Cache-Control:
      - no-cache
      Connection:
      - close
      Content-Length:
      - '34'
      Content-Type:
      - application/json; charset=UTF-8
      Date:
      - Tue, 19 Mar 2019 19:53:48 GMT
      Server:
      - Apache/2.4.25 (Debian)
      Vary:
      - Cookie
    status:
      code: 200
      message: OK
- request:
    body: null
    headers:
      Connection:
      - close
      Host:
      - 35.237.210.125
      User-Agent:
      - Python-urllib/3.6
    method: GET
    uri: http://35.237.210.125/checkmd2/check_mk/webapi.py?effective_attributes=0&action=get_all_hosts&output_format=json&_username=cmkadmin1&_secret=%40HEBECXCDWXXISGBAAWQ
  response:
    body:
      string: '{"result": {"host00": {"attributes": {}, "hostname": "host00", "path":
        ""}, "host01": {"attributes": {}, "hostname": "host01", "path": ""}}, "result_code":
        0}'
    headers:
      Cache-Control:
      - no-cache
      Connection:
      - close
      Content-Length:
      - '158'
      Content-Type:
      - application/json; charset=UTF-8
      Date:
      - Tue, 19 Mar 2019 19:53:48 GMT
      Server:
      - Apache/2.4.25 (Debian)
      Vary:
      - Cookie
    status:
      code: 200
      message: OK
- request:
    body: null
    headers:
      Connection:
      - close
      Host:
      - 35.237.210.125
      User-Agent:
      - Python-urllib/3.6
    method: GET
    uri: http://35.237.210.125/checkmd2/check_mk/webapi.py?effective_attributes=0&action=get_all_hosts&output_format=json&_username=cmkadmin1&_secret=%40HEBECXCDWXXISGBAAWQ
  response:
    body:
      string: '{"result": {}, "result_code": 0}'
    headers:
      Cache-Control:
      - no-cache
      Connection:
      - close
      Content-Length:
      - '32'
      Content-Type:
      - application/json; charset=UTF-8
      Date:
      - Tue, 19 Mar 2019 19:56:15 GMT
      Server:
      - Apache/2.4.25 (Debian)
      Vary:
      - Cookie
    status:
      code: 200
      message: OK
- request:
    body: 'request={"hostname": "host00", "folder": "/", "attributes": {}}'
    headers:
      Connection:
      - close
      Content-Length:
      - '63'
      Content-Type:
      - application/x-www-form-urlencoded
      Host:
      - 35.237.210.125
      User-Agent:
      - Python-urllib/3.6
    method: POST
    uri: http://35.237.210.125/checkmd2/check_mk/webapi.py?action=add_host&output_format=json&_username=cmkadmin1&_secret=%40HEBECXCDWXXISGBAAWQ
  response:
    body:
      string: '{"result": null, "result_code": 0}'
    headers:
      Cache-Control:
      - no-cache
      Connection:
      - close
      Content-Length:
      - '34'
      Content-Type:
      - application/json; charset=UTF-8
      Date:
      - Tue, 19 Mar 2019 19:56:16 GMT
      Server:
      - Apache/2.4.25 (Debian)
      Vary:
      - Cookie
    status:
      code: 200
      message: OK
- request:
    body: 'request={"hostname": "host01", "folder": "/", "attributes": {}}'
    headers:
      Connection:
      - close
      Content-Length:
      - '63'
      Content-Type:
      - application/x-www-form-urlencoded
      Host:
      - 35.237.210.125
      User-Agent:
      - Python-urllib/3.6
    method: POST
    uri: http://35.237.210.125/checkmd2/check_mk/webapi.py?action=add_host&output_format=json&_username=cmkadmin1&_secret=%40HEBECXCDWXXISGBAAWQ
  response:
    body:
      string: '{"result": null, "result_code": 0}'
    headers:
      Cache-Control:
      - no-cache
      Connection:
      - close
      Content-Length:
      - '34'
      Content-Type:
      - application/json; charset=UTF-8
      Date:
      - Tue, 19 Mar 2019 19:56:16 GMT
      Server:
      - Apache/2.4.25 (Debian)
      Vary:
      - Cookie
    status:
      code: 200
      message: OK
- request:
    body: null
    headers:
      Connection:
      - close
      Host:
      - 35.237.210.125
      User-Agent:
      - Python-urllib/3.6
    method: GET
    uri: http://35.237.210.125/checkmd2/check_mk/webapi.py?effective_attributes=0&action=get_all_hosts&output_format=json&_username=cmkadmin1&_secret=%40HEBECXCDWXXISGBAAWQ
  response:
    body:
      string: '{"result": {"host00": {"attributes": {}, "hostname": "host00", "path":
        ""}, "host01": {"attributes": {}, "hostname": "host01", "path": ""}}, "result_code":
        0}'
    headers:
      Cache-Control:
      - no-cache
      Connection:
      - close
      Content-Length:
      - '158'
      Content-Type:
      - application/json; charset=UTF-8
      Date:
      - Tue, 19 Mar 2019 19:56:16 GMT
      Server:
      - Apache/2.4.25 (Debian)
      Vary:
      - Cookie
    status:
      code: 200
      message: OK
version: 1
