interactions:
- request:
    body: null
    headers:
      Connection:
      - close
      Host:
      - 35.237.210.125
      User-Agent:
      - Python-urllib/3.6
    method: GET
    uri: http://35.237.210.125/checkmd2/check_mk/webapi.py?action=get_all_users&output_format=json&_username=cmkadmin1&_secret=%40HEBECXCDWXXISGBAAWQ
  response:
    body:
      string: '{"result": {"cmkadmin1": {"force_authuser_webservice": false, "locked_attributes":
        [], "locked": false, "roles": ["admin", "user"], "contactgroups": [], "force_authuser":
        false, "ui_theme": null, "alias": "automation", "disable_notifications": {},
        "automation_secret": "@HEBECXCDWXXISGBAAWQ", "start_url": null, "enforce_pw_change":
        false, "num_failed_logins": 0, "serial": 1, "password": "$1$611001$VmCZBrt090UtwVTsYuDlh/",
        "pager": "", "email": "", "last_pw_change": 1552943851, "fallback_contact":
        false}, "cmkadmin": {"locked": false, "roles": ["admin"], "last_pw_change":
        1552943043, "alias": "cmkadmin", "enforce_pw_change": false, "serial": 0,
        "password": "$1$793265$KwZy1W0BN91OHTDS4zZMI/", "num_failed_logins": 0}, "user00":
        {"connector": "htpasswd", "contactgroups": [], "locked": false, "roles": ["user"],
        "alias": "User 00", "enforce_pw_change": false, "last_pw_change": 1553026962,
        "serial": 1, "password": "$1$357743$6oQJMsq6AbfZC.Ea9b4lo1", "num_failed_logins":
        0}}, "result_code": 0}'
    headers:
      Cache-Control:
      - no-cache
      Connection:
      - close
      Content-Length:
      - '999'
      Content-Type:
      - application/json; charset=UTF-8
      Date:
      - Tue, 19 Mar 2019 20:22:43 GMT
      Server:
      - Apache/2.4.25 (Debian)
      Vary:
      - Cookie
    status:
      code: 200
      message: OK
- request:
    body: 'request={"users": ["user00"]}'
    headers:
      Connection:
      - close
      Content-Length:
      - '29'
      Content-Type:
      - application/x-www-form-urlencoded
      Host:
      - 35.237.210.125
      User-Agent:
      - Python-urllib/3.6
    method: POST
    uri: http://35.237.210.125/checkmd2/check_mk/webapi.py?action=delete_users&output_format=json&_username=cmkadmin1&_secret=%40HEBECXCDWXXISGBAAWQ
  response:
    body:
      string: '{"result": null, "result_code": 0}'
    headers:
      Cache-Control:
      - no-cache
      Connection:
      - close
      Content-Length:
      - '34'
      Content-Type:
      - application/json; charset=UTF-8
      Date:
      - Tue, 19 Mar 2019 20:22:43 GMT
      Server:
      - Apache/2.4.25 (Debian)
      Vary:
      - Cookie
    status:
      code: 200
      message: OK
- request:
    body: 'request={"users": {"user00": {"set_attributes": {}, "unset_attributes":
      []}}}'
    headers:
      Connection:
      - close
      Content-Length:
      - '77'
      Content-Type:
      - application/x-www-form-urlencoded
      Host:
      - 35.237.210.125
      User-Agent:
      - Python-urllib/3.6
    method: POST
    uri: http://35.237.210.125/checkmd2/check_mk/webapi.py?action=edit_users&output_format=json&_username=cmkadmin1&_secret=%40HEBECXCDWXXISGBAAWQ
  response:
    body:
      string: '{"result": "Check_MK exception: Unknown user: user00", "result_code":
        1}'
    headers:
      Cache-Control:
      - no-cache
      Connection:
      - close
      Content-Length:
      - '72'
      Content-Type:
      - application/json; charset=UTF-8
      Date:
      - Tue, 19 Mar 2019 20:22:43 GMT
      Server:
      - Apache/2.4.25 (Debian)
      Vary:
      - Cookie
    status:
      code: 200
      message: OK
- request:
    body: null
    headers:
      Connection:
      - close
      Host:
      - 35.237.210.125
      User-Agent:
      - Python-urllib/3.6
    method: GET
    uri: http://35.237.210.125/checkmd2/check_mk/webapi.py?action=get_all_users&output_format=json&_username=cmkadmin1&_secret=%40HEBECXCDWXXISGBAAWQ
  response:
    body:
      string: '{"result": {"cmkadmin1": {"force_authuser_webservice": false, "locked_attributes":
        [], "locked": false, "roles": ["admin", "user"], "contactgroups": [], "force_authuser":
        false, "ui_theme": null, "alias": "automation", "disable_notifications": {},
        "automation_secret": "@HEBECXCDWXXISGBAAWQ", "start_url": null, "enforce_pw_change":
        false, "num_failed_logins": 0, "serial": 1, "password": "$1$611001$VmCZBrt090UtwVTsYuDlh/",
        "pager": "", "email": "", "last_pw_change": 1552943851, "fallback_contact":
        false}, "cmkadmin": {"locked": false, "roles": ["admin"], "last_pw_change":
        1552943043, "alias": "cmkadmin", "enforce_pw_change": false, "serial": 0,
        "password": "$1$793265$KwZy1W0BN91OHTDS4zZMI/", "num_failed_logins": 0}, "user00":
        {"connector": "htpasswd", "contactgroups": [], "locked": false, "roles": ["user"],
        "alias": "User 00", "enforce_pw_change": false, "last_pw_change": 1553026974,
        "serial": 1, "password": "$1$674216$24I1./2ZSMVXsrcULUAmZ.", "num_failed_logins":
        0}}, "result_code": 0}'
    headers:
      Cache-Control:
      - no-cache
      Connection:
      - close
      Content-Length:
      - '999'
      Content-Type:
      - application/json; charset=UTF-8
      Date:
      - Tue, 19 Mar 2019 20:22:55 GMT
      Server:
      - Apache/2.4.25 (Debian)
      Vary:
      - Cookie
    status:
      code: 200
      message: OK
- request:
    body: 'request={"users": ["user00"]}'
    headers:
      Connection:
      - close
      Content-Length:
      - '29'
      Content-Type:
      - application/x-www-form-urlencoded
      Host:
      - 35.237.210.125
      User-Agent:
      - Python-urllib/3.6
    method: POST
    uri: http://35.237.210.125/checkmd2/check_mk/webapi.py?action=delete_users&output_format=json&_username=cmkadmin1&_secret=%40HEBECXCDWXXISGBAAWQ
  response:
    body:
      string: '{"result": null, "result_code": 0}'
    headers:
      Cache-Control:
      - no-cache
      Connection:
      - close
      Content-Length:
      - '34'
      Content-Type:
      - application/json; charset=UTF-8
      Date:
      - Tue, 19 Mar 2019 20:22:55 GMT
      Server:
      - Apache/2.4.25 (Debian)
      Vary:
      - Cookie
    status:
      code: 200
      message: OK
- request:
    body: 'request={"users": {"user00": {"set_attributes": {}, "unset_attributes":
      []}}}'
    headers:
      Connection:
      - close
      Content-Length:
      - '77'
      Content-Type:
      - application/x-www-form-urlencoded
      Host:
      - 35.237.210.125
      User-Agent:
      - Python-urllib/3.6
    method: POST
    uri: http://35.237.210.125/checkmd2/check_mk/webapi.py?action=edit_users&output_format=json&_username=cmkadmin1&_secret=%40HEBECXCDWXXISGBAAWQ
  response:
    body:
      string: '{"result": "Check_MK exception: Unknown user: user00", "result_code":
        1}'
    headers:
      Cache-Control:
      - no-cache
      Connection:
      - close
      Content-Length:
      - '72'
      Content-Type:
      - application/json; charset=UTF-8
      Date:
      - Tue, 19 Mar 2019 20:22:55 GMT
      Server:
      - Apache/2.4.25 (Debian)
      Vary:
      - Cookie
    status:
      code: 200
      message: OK
- request:
    body: null
    headers:
      Connection:
      - close
      Host:
      - 35.237.210.125
      User-Agent:
      - Python-urllib/3.6
    method: GET
    uri: http://35.237.210.125/checkmd2/check_mk/webapi.py?action=get_all_users&output_format=json&_username=cmkadmin1&_secret=%40HEBECXCDWXXISGBAAWQ
  response:
    body:
      string: '{"result": {"cmkadmin1": {"force_authuser_webservice": false, "locked_attributes":
        [], "locked": false, "roles": ["admin", "user"], "contactgroups": [], "force_authuser":
        false, "ui_theme": null, "alias": "automation", "disable_notifications": {},
        "automation_secret": "@HEBECXCDWXXISGBAAWQ", "start_url": null, "enforce_pw_change":
        false, "num_failed_logins": 0, "serial": 1, "password": "$1$611001$VmCZBrt090UtwVTsYuDlh/",
        "pager": "", "email": "", "last_pw_change": 1552943851, "fallback_contact":
        false}, "cmkadmin": {"locked": false, "roles": ["admin"], "last_pw_change":
        1552943043, "alias": "cmkadmin", "enforce_pw_change": false, "serial": 0,
        "password": "$1$793265$KwZy1W0BN91OHTDS4zZMI/", "num_failed_logins": 0}, "user00":
        {"connector": "htpasswd", "contactgroups": [], "locked": false, "roles": ["user"],
        "alias": "User 00", "enforce_pw_change": false, "last_pw_change": 1553026989,
        "serial": 1, "password": "$1$919914$uY8B3SQTdvZJ8eoQMjXjY.", "num_failed_logins":
        0}}, "result_code": 0}'
    headers:
      Cache-Control:
      - no-cache
      Connection:
      - close
      Content-Length:
      - '999'
      Content-Type:
      - application/json; charset=UTF-8
      Date:
      - Tue, 19 Mar 2019 20:23:10 GMT
      Server:
      - Apache/2.4.25 (Debian)
      Vary:
      - Cookie
    status:
      code: 200
      message: OK
- request:
    body: 'request={"users": ["user00"]}'
    headers:
      Connection:
      - close
      Content-Length:
      - '29'
      Content-Type:
      - application/x-www-form-urlencoded
      Host:
      - 35.237.210.125
      User-Agent:
      - Python-urllib/3.6
    method: POST
    uri: http://35.237.210.125/checkmd2/check_mk/webapi.py?action=delete_users&output_format=json&_username=cmkadmin1&_secret=%40HEBECXCDWXXISGBAAWQ
  response:
    body:
      string: '{"result": null, "result_code": 0}'
    headers:
      Cache-Control:
      - no-cache
      Connection:
      - close
      Content-Length:
      - '34'
      Content-Type:
      - application/json; charset=UTF-8
      Date:
      - Tue, 19 Mar 2019 20:23:11 GMT
      Server:
      - Apache/2.4.25 (Debian)
      Vary:
      - Cookie
    status:
      code: 200
      message: OK
- request:
    body: 'request={"users": {"user00": {"set_attributes": {}, "unset_attributes":
      []}}}'
    headers:
      Connection:
      - close
      Content-Length:
      - '77'
      Content-Type:
      - application/x-www-form-urlencoded
      Host:
      - 35.237.210.125
      User-Agent:
      - Python-urllib/3.6
    method: POST
    uri: http://35.237.210.125/checkmd2/check_mk/webapi.py?action=edit_users&output_format=json&_username=cmkadmin1&_secret=%40HEBECXCDWXXISGBAAWQ
  response:
    body:
      string: '{"result": "Check_MK exception: Unknown user: user00", "result_code":
        1}'
    headers:
      Cache-Control:
      - no-cache
      Connection:
      - close
      Content-Length:
      - '72'
      Content-Type:
      - application/json; charset=UTF-8
      Date:
      - Tue, 19 Mar 2019 20:23:11 GMT
      Server:
      - Apache/2.4.25 (Debian)
      Vary:
      - Cookie
    status:
      code: 200
      message: OK
- request:
    body: null
    headers:
      Connection:
      - close
      Host:
      - 35.237.210.125
      User-Agent:
      - Python-urllib/3.6
    method: GET
    uri: http://35.237.210.125/checkmd2/check_mk/webapi.py?action=get_all_users&output_format=json&_username=cmkadmin1&_secret=%40HEBECXCDWXXISGBAAWQ
  response:
    body:
      string: '{"result": {"cmkadmin1": {"force_authuser_webservice": false, "locked_attributes":
        [], "locked": false, "roles": ["admin", "user"], "contactgroups": [], "force_authuser":
        false, "ui_theme": null, "alias": "automation", "disable_notifications": {},
        "automation_secret": "@HEBECXCDWXXISGBAAWQ", "start_url": null, "enforce_pw_change":
        false, "num_failed_logins": 0, "serial": 1, "password": "$1$611001$VmCZBrt090UtwVTsYuDlh/",
        "pager": "", "email": "", "last_pw_change": 1552943851, "fallback_contact":
        false}, "cmkadmin": {"locked": false, "roles": ["admin"], "last_pw_change":
        1552943043, "alias": "cmkadmin", "enforce_pw_change": false, "serial": 0,
        "password": "$1$793265$KwZy1W0BN91OHTDS4zZMI/", "num_failed_logins": 0}, "user00":
        {"connector": "htpasswd", "contactgroups": [], "locked": false, "roles": ["user"],
        "alias": "User 00", "enforce_pw_change": false, "last_pw_change": 1553027003,
        "serial": 1, "password": "$1$594841$v/g/GiM4f8O1.1.OD2fkg/", "num_failed_logins":
        0}}, "result_code": 0}'
    headers:
      Cache-Control:
      - no-cache
      Connection:
      - close
      Content-Length:
      - '999'
      Content-Type:
      - application/json; charset=UTF-8
      Date:
      - Tue, 19 Mar 2019 20:23:24 GMT
      Server:
      - Apache/2.4.25 (Debian)
      Vary:
      - Cookie
    status:
      code: 200
      message: OK
- request:
    body: 'request={"users": ["user00"]}'
    headers:
      Connection:
      - close
      Content-Length:
      - '29'
      Content-Type:
      - application/x-www-form-urlencoded
      Host:
      - 35.237.210.125
      User-Agent:
      - Python-urllib/3.6
    method: POST
    uri: http://35.237.210.125/checkmd2/check_mk/webapi.py?action=delete_users&output_format=json&_username=cmkadmin1&_secret=%40HEBECXCDWXXISGBAAWQ
  response:
    body:
      string: '{"result": null, "result_code": 0}'
    headers:
      Cache-Control:
      - no-cache
      Connection:
      - close
      Content-Length:
      - '34'
      Content-Type:
      - application/json; charset=UTF-8
      Date:
      - Tue, 19 Mar 2019 20:23:24 GMT
      Server:
      - Apache/2.4.25 (Debian)
      Vary:
      - Cookie
    status:
      code: 200
      message: OK
- request:
    body: 'request={"users": {"user00": {"set_attributes": {}, "unset_attributes":
      []}}}'
    headers:
      Connection:
      - close
      Content-Length:
      - '77'
      Content-Type:
      - application/x-www-form-urlencoded
      Host:
      - 35.237.210.125
      User-Agent:
      - Python-urllib/3.6
    method: POST
    uri: http://35.237.210.125/checkmd2/check_mk/webapi.py?action=edit_users&output_format=json&_username=cmkadmin1&_secret=%40HEBECXCDWXXISGBAAWQ
  response:
    body:
      string: '{"result": "Check_MK exception: Unknown user: user00", "result_code":
        1}'
    headers:
      Cache-Control:
      - no-cache
      Connection:
      - close
      Content-Length:
      - '72'
      Content-Type:
      - application/json; charset=UTF-8
      Date:
      - Tue, 19 Mar 2019 20:23:24 GMT
      Server:
      - Apache/2.4.25 (Debian)
      Vary:
      - Cookie
    status:
      code: 200
      message: OK
- request:
    body: null
    headers:
      Connection:
      - close
      Host:
      - 35.237.210.125
      User-Agent:
      - Python-urllib/3.6
    method: GET
    uri: http://35.237.210.125/checkmd2/check_mk/webapi.py?action=get_all_users&output_format=json&_username=cmkadmin1&_secret=%40HEBECXCDWXXISGBAAWQ
  response:
    body:
      string: '{"result": {"cmkadmin1": {"force_authuser_webservice": false, "locked_attributes":
        [], "locked": false, "roles": ["admin", "user"], "contactgroups": [], "force_authuser":
        false, "ui_theme": null, "alias": "automation", "disable_notifications": {},
        "automation_secret": "@HEBECXCDWXXISGBAAWQ", "start_url": null, "enforce_pw_change":
        false, "num_failed_logins": 0, "serial": 1, "password": "$1$611001$VmCZBrt090UtwVTsYuDlh/",
        "pager": "", "email": "", "last_pw_change": 1552943851, "fallback_contact":
        false}, "cmkadmin": {"locked": false, "roles": ["admin"], "last_pw_change":
        1552943043, "alias": "cmkadmin", "enforce_pw_change": false, "serial": 0,
        "password": "$1$793265$KwZy1W0BN91OHTDS4zZMI/", "num_failed_logins": 0}, "user00":
        {"connector": "htpasswd", "contactgroups": [], "locked": false, "roles": ["user"],
        "alias": "User 00", "enforce_pw_change": false, "last_pw_change": 1553027184,
        "serial": 1, "password": "$1$872260$d.7T4GDxNsvGmiwxqe73s0", "num_failed_logins":
        0}}, "result_code": 0}'
    headers:
      Cache-Control:
      - no-cache
      Connection:
      - close
      Content-Length:
      - '999'
      Content-Type:
      - application/json; charset=UTF-8
      Date:
      - Tue, 19 Mar 2019 20:26:25 GMT
      Server:
      - Apache/2.4.25 (Debian)
      Vary:
      - Cookie
    status:
      code: 200
      message: OK
- request:
    body: 'request={"users": ["user00"]}'
    headers:
      Connection:
      - close
      Content-Length:
      - '29'
      Content-Type:
      - application/x-www-form-urlencoded
      Host:
      - 35.237.210.125
      User-Agent:
      - Python-urllib/3.6
    method: POST
    uri: http://35.237.210.125/checkmd2/check_mk/webapi.py?action=delete_users&output_format=json&_username=cmkadmin1&_secret=%40HEBECXCDWXXISGBAAWQ
  response:
    body:
      string: '{"result": null, "result_code": 0}'
    headers:
      Cache-Control:
      - no-cache
      Connection:
      - close
      Content-Length:
      - '34'
      Content-Type:
      - application/json; charset=UTF-8
      Date:
      - Tue, 19 Mar 2019 20:26:25 GMT
      Server:
      - Apache/2.4.25 (Debian)
      Vary:
      - Cookie
    status:
      code: 200
      message: OK
- request:
    body: 'request={"users": {"user00": {"set_attributes": {}, "unset_attributes":
      []}}}'
    headers:
      Connection:
      - close
      Content-Length:
      - '77'
      Content-Type:
      - application/x-www-form-urlencoded
      Host:
      - 35.237.210.125
      User-Agent:
      - Python-urllib/3.6
    method: POST
    uri: http://35.237.210.125/checkmd2/check_mk/webapi.py?action=edit_users&output_format=json&_username=cmkadmin1&_secret=%40HEBECXCDWXXISGBAAWQ
  response:
    body:
      string: '{"result": "Check_MK exception: Unknown user: user00", "result_code":
        1}'
    headers:
      Cache-Control:
      - no-cache
      Connection:
      - close
      Content-Length:
      - '72'
      Content-Type:
      - application/json; charset=UTF-8
      Date:
      - Tue, 19 Mar 2019 20:26:26 GMT
      Server:
      - Apache/2.4.25 (Debian)
      Vary:
      - Cookie
    status:
      code: 200
      message: OK
version: 1
