interactions:
- request:
    body: null
    headers:
      Connection:
      - close
      Host:
      - 35.237.210.125
      User-Agent:
      - Python-urllib/3.5
    method: GET
    uri: http://35.237.210.125/checkmd2/check_mk/webapi.py?output_format=json&_secret=%40HEBECXCDWXXISGBAAWQ&_username=cmkadmin1&action=get_all_users
  response:
    body:
      string: '{"result": {"cmkadmin1": {"force_authuser_webservice": false, "locked":
        false, "roles": ["admin", "user"], "contactgroups": [], "force_authuser":
        false, "ui_theme": null, "alias": "cmkadmin1", "disable_notifications": {},
        "automation_secret": "@HEBECXCDWXXISGBAAWQ", "start_url": null, "enforce_pw_change":
        false, "num_failed_logins": 0, "serial": 1, "password": "$1$112894$4FTBQ/X6TjZiNyS4aB.vu/",
        "pager": "", "email": "", "last_pw_change": 1553201998, "fallback_contact":
        false}, "cmkadmin": {"locked": false, "roles": ["admin"], "last_pw_change":
        1552943043, "alias": "cmkadmin", "enforce_pw_change": false, "serial": 0,
        "password": "$1$793265$KwZy1W0BN91OHTDS4zZMI/", "num_failed_logins": 0}, "automation00":
        {"connector": "htpasswd", "alias": "Automation 00", "automation_secret": "s3cr3t1234",
        "roles": ["user"], "contactgroups": [], "enforce_pw_change": false, "last_pw_change":
        1553268741, "serial": 0, "num_failed_logins": 0}}, "result_code": 0}'
    headers:
      Cache-Control:
      - no-cache
      Connection:
      - close
      Content-Length:
      - '955'
      Content-Type:
      - application/json; charset=UTF-8
      Date:
      - Fri, 22 Mar 2019 15:32:21 GMT
      Server:
      - Apache/2.4.25 (Debian)
      Vary:
      - Cookie
    status:
      code: 200
      message: OK
- request:
    body: 'request={"users": ["automation00"]}'
    headers:
      Connection:
      - close
      Content-Length:
      - '35'
      Content-Type:
      - application/x-www-form-urlencoded
      Host:
      - 35.237.210.125
      User-Agent:
      - Python-urllib/3.5
    method: POST
    uri: http://35.237.210.125/checkmd2/check_mk/webapi.py?output_format=json&_secret=%40HEBECXCDWXXISGBAAWQ&_username=cmkadmin1&action=delete_users
  response:
    body:
      string: '{"result": null, "result_code": 0}'
    headers:
      Cache-Control:
      - no-cache
      Connection:
      - close
      Content-Length:
      - '34'
      Content-Type:
      - application/json; charset=UTF-8
      Date:
      - Fri, 22 Mar 2019 15:32:22 GMT
      Server:
      - Apache/2.4.25 (Debian)
      Vary:
      - Cookie
    status:
      code: 200
      message: OK
- request:
    body: 'request={"users": {"user00": {"password": "p4ssw0rd", "alias": "User 00"}}}'
    headers:
      Connection:
      - close
      Content-Length:
      - '75'
      Content-Type:
      - application/x-www-form-urlencoded
      Host:
      - 35.237.210.125
      User-Agent:
      - Python-urllib/3.5
    method: POST
    uri: http://35.237.210.125/checkmd2/check_mk/webapi.py?output_format=json&_secret=%40HEBECXCDWXXISGBAAWQ&_username=cmkadmin1&action=add_users
  response:
    body:
      string: '{"result": null, "result_code": 0}'
    headers:
      Cache-Control:
      - no-cache
      Connection:
      - close
      Content-Length:
      - '34'
      Content-Type:
      - application/json; charset=UTF-8
      Date:
      - Fri, 22 Mar 2019 15:32:22 GMT
      Server:
      - Apache/2.4.25 (Debian)
      Vary:
      - Cookie
    status:
      code: 200
      message: OK
- request:
    body: null
    headers:
      Connection:
      - close
      Host:
      - 35.237.210.125
      User-Agent:
      - Python-urllib/3.5
    method: GET
    uri: http://35.237.210.125/checkmd2/check_mk/webapi.py?output_format=json&_secret=%40HEBECXCDWXXISGBAAWQ&_username=cmkadmin1&action=get_all_users
  response:
    body:
      string: '{"result": {"cmkadmin1": {"force_authuser_webservice": false, "locked":
        false, "roles": ["admin", "user"], "contactgroups": [], "force_authuser":
        false, "ui_theme": null, "alias": "cmkadmin1", "disable_notifications": {},
        "automation_secret": "@HEBECXCDWXXISGBAAWQ", "start_url": null, "enforce_pw_change":
        false, "num_failed_logins": 0, "serial": 1, "password": "$1$112894$4FTBQ/X6TjZiNyS4aB.vu/",
        "pager": "", "email": "", "last_pw_change": 1553201998, "fallback_contact":
        false}, "cmkadmin": {"locked": false, "roles": ["admin"], "last_pw_change":
        1552943043, "alias": "cmkadmin", "enforce_pw_change": false, "serial": 0,
        "password": "$1$793265$KwZy1W0BN91OHTDS4zZMI/", "num_failed_logins": 0}, "user00":
        {"locked": false, "roles": ["user"], "contactgroups": [], "last_pw_change":
        1553268742, "connector": "htpasswd", "alias": "User 00", "enforce_pw_change":
        false, "serial": 1, "password": "$1$506827$CdB3T3uBDGfBshNw65wo//", "num_failed_logins":
        0}}, "result_code": 0}'
    headers:
      Cache-Control:
      - no-cache
      Connection:
      - close
      Content-Length:
      - '973'
      Content-Type:
      - application/json; charset=UTF-8
      Date:
      - Fri, 22 Mar 2019 15:32:22 GMT
      Server:
      - Apache/2.4.25 (Debian)
      Vary:
      - Cookie
    status:
      code: 200
      message: OK
- request:
    body: 'request={"users": {"user00": {"unset_attributes": [], "set_attributes":
      {"alias": "User 0"}}}}'
    headers:
      Connection:
      - close
      Content-Length:
      - '94'
      Content-Type:
      - application/x-www-form-urlencoded
      Host:
      - 35.237.210.125
      User-Agent:
      - Python-urllib/3.5
    method: POST
    uri: http://35.237.210.125/checkmd2/check_mk/webapi.py?output_format=json&_secret=%40HEBECXCDWXXISGBAAWQ&_username=cmkadmin1&action=edit_users
  response:
    body:
      string: '{"result": null, "result_code": 0}'
    headers:
      Cache-Control:
      - no-cache
      Connection:
      - close
      Content-Length:
      - '34'
      Content-Type:
      - application/json; charset=UTF-8
      Date:
      - Fri, 22 Mar 2019 15:32:23 GMT
      Server:
      - Apache/2.4.25 (Debian)
      Vary:
      - Cookie
    status:
      code: 200
      message: OK
- request:
    body: null
    headers:
      Connection:
      - close
      Host:
      - 35.237.210.125
      User-Agent:
      - Python-urllib/3.5
    method: GET
    uri: http://35.237.210.125/checkmd2/check_mk/webapi.py?output_format=json&_secret=%40HEBECXCDWXXISGBAAWQ&_username=cmkadmin1&action=get_all_users
  response:
    body:
      string: '{"result": {"cmkadmin": {"locked": false, "roles": ["admin"], "last_pw_change":
        1552943043, "alias": "cmkadmin", "enforce_pw_change": false, "serial": 0,
        "password": "$1$793265$KwZy1W0BN91OHTDS4zZMI/", "num_failed_logins": 0}, "cmkadmin1":
        {"force_authuser_webservice": false, "locked": false, "roles": ["admin", "user"],
        "alias": "cmkadmin1", "force_authuser": false, "ui_theme": null, "contactgroups":
        [], "disable_notifications": {}, "automation_secret": "@HEBECXCDWXXISGBAAWQ",
        "start_url": null, "enforce_pw_change": false, "num_failed_logins": 0, "serial":
        1, "password": "$1$112894$4FTBQ/X6TjZiNyS4aB.vu/", "pager": "", "email": "",
        "last_pw_change": 1553201998, "fallback_contact": false}, "user00": {"connector":
        "htpasswd", "contactgroups": [], "locked": false, "roles": ["user"], "alias":
        "User 0", "enforce_pw_change": false, "last_pw_change": 1553268742, "serial":
        1, "password": "$1$506827$CdB3T3uBDGfBshNw65wo//", "num_failed_logins": 0}},
        "result_code": 0}'
    headers:
      Cache-Control:
      - no-cache
      Connection:
      - close
      Content-Length:
      - '972'
      Content-Type:
      - application/json; charset=UTF-8
      Date:
      - Fri, 22 Mar 2019 15:32:23 GMT
      Server:
      - Apache/2.4.25 (Debian)
      Vary:
      - Cookie
    status:
      code: 200
      message: OK
- request:
    body: null
    headers:
      Connection:
      - close
      Host:
      - 35.237.210.125
      User-Agent:
      - Python-urllib/3.5
    method: GET
    uri: http://35.237.210.125/checkmd2/check_mk/webapi.py?action=get_all_users&output_format=json&_secret=%40HEBECXCDWXXISGBAAWQ&_username=cmkadmin1
  response:
    body:
      string: '{"result": {"cmkadmin1": {"force_authuser_webservice": false, "locked":
        false, "roles": ["admin", "user"], "contactgroups": [], "force_authuser":
        false, "ui_theme": null, "alias": "cmkadmin1", "disable_notifications": {},
        "automation_secret": "@HEBECXCDWXXISGBAAWQ", "start_url": null, "enforce_pw_change":
        false, "num_failed_logins": 0, "serial": 1, "password": "$1$112894$4FTBQ/X6TjZiNyS4aB.vu/",
        "pager": "", "email": "", "last_pw_change": 1553201998, "fallback_contact":
        false}, "cmkadmin": {"locked": false, "roles": ["admin"], "last_pw_change":
        1552943043, "alias": "cmkadmin", "enforce_pw_change": false, "serial": 0,
        "password": "$1$793265$KwZy1W0BN91OHTDS4zZMI/", "num_failed_logins": 0}, "automation00":
        {"connector": "htpasswd", "alias": "Automation 00", "automation_secret": "s3cr3t1234",
        "roles": ["user"], "contactgroups": [], "enforce_pw_change": false, "last_pw_change":
        1553269071, "serial": 0, "num_failed_logins": 0}}, "result_code": 0}'
    headers:
      Cache-Control:
      - no-cache
      Connection:
      - close
      Content-Length:
      - '955'
      Content-Type:
      - application/json; charset=UTF-8
      Date:
      - Fri, 22 Mar 2019 15:37:51 GMT
      Server:
      - Apache/2.4.25 (Debian)
      Vary:
      - Cookie
    status:
      code: 200
      message: OK
- request:
    body: 'request={"users": ["automation00"]}'
    headers:
      Connection:
      - close
      Content-Length:
      - '35'
      Content-Type:
      - application/x-www-form-urlencoded
      Host:
      - 35.237.210.125
      User-Agent:
      - Python-urllib/3.5
    method: POST
    uri: http://35.237.210.125/checkmd2/check_mk/webapi.py?action=delete_users&output_format=json&_secret=%40HEBECXCDWXXISGBAAWQ&_username=cmkadmin1
  response:
    body:
      string: '{"result": null, "result_code": 0}'
    headers:
      Cache-Control:
      - no-cache
      Connection:
      - close
      Content-Length:
      - '34'
      Content-Type:
      - application/json; charset=UTF-8
      Date:
      - Fri, 22 Mar 2019 15:37:52 GMT
      Server:
      - Apache/2.4.25 (Debian)
      Vary:
      - Cookie
    status:
      code: 200
      message: OK
- request:
    body: 'request={"users": {"user00": {"alias": "User 00", "password": "p4ssw0rd"}}}'
    headers:
      Connection:
      - close
      Content-Length:
      - '75'
      Content-Type:
      - application/x-www-form-urlencoded
      Host:
      - 35.237.210.125
      User-Agent:
      - Python-urllib/3.5
    method: POST
    uri: http://35.237.210.125/checkmd2/check_mk/webapi.py?action=add_users&output_format=json&_secret=%40HEBECXCDWXXISGBAAWQ&_username=cmkadmin1
  response:
    body:
      string: '{"result": null, "result_code": 0}'
    headers:
      Cache-Control:
      - no-cache
      Connection:
      - close
      Content-Length:
      - '34'
      Content-Type:
      - application/json; charset=UTF-8
      Date:
      - Fri, 22 Mar 2019 15:37:52 GMT
      Server:
      - Apache/2.4.25 (Debian)
      Vary:
      - Cookie
    status:
      code: 200
      message: OK
- request:
    body: null
    headers:
      Connection:
      - close
      Host:
      - 35.237.210.125
      User-Agent:
      - Python-urllib/3.5
    method: GET
    uri: http://35.237.210.125/checkmd2/check_mk/webapi.py?action=get_all_users&output_format=json&_secret=%40HEBECXCDWXXISGBAAWQ&_username=cmkadmin1
  response:
    body:
      string: '{"result": {"cmkadmin1": {"force_authuser_webservice": false, "locked":
        false, "roles": ["admin", "user"], "contactgroups": [], "force_authuser":
        false, "ui_theme": null, "alias": "cmkadmin1", "disable_notifications": {},
        "automation_secret": "@HEBECXCDWXXISGBAAWQ", "start_url": null, "enforce_pw_change":
        false, "num_failed_logins": 0, "serial": 1, "password": "$1$112894$4FTBQ/X6TjZiNyS4aB.vu/",
        "pager": "", "email": "", "last_pw_change": 1553201998, "fallback_contact":
        false}, "cmkadmin": {"locked": false, "roles": ["admin"], "last_pw_change":
        1552943043, "alias": "cmkadmin", "enforce_pw_change": false, "serial": 0,
        "password": "$1$793265$KwZy1W0BN91OHTDS4zZMI/", "num_failed_logins": 0}, "user00":
        {"locked": false, "roles": ["user"], "contactgroups": [], "last_pw_change":
        1553269072, "connector": "htpasswd", "alias": "User 00", "enforce_pw_change":
        false, "serial": 1, "password": "$1$498610$4kVH4fiWszvMPfWtB.fAu1", "num_failed_logins":
        0}}, "result_code": 0}'
    headers:
      Cache-Control:
      - no-cache
      Connection:
      - close
      Content-Length:
      - '973'
      Content-Type:
      - application/json; charset=UTF-8
      Date:
      - Fri, 22 Mar 2019 15:37:52 GMT
      Server:
      - Apache/2.4.25 (Debian)
      Vary:
      - Cookie
    status:
      code: 200
      message: OK
- request:
    body: 'request={"users": {"user00": {"unset_attributes": [], "set_attributes":
      {"alias": "User 0"}}}}'
    headers:
      Connection:
      - close
      Content-Length:
      - '94'
      Content-Type:
      - application/x-www-form-urlencoded
      Host:
      - 35.237.210.125
      User-Agent:
      - Python-urllib/3.5
    method: POST
    uri: http://35.237.210.125/checkmd2/check_mk/webapi.py?action=edit_users&output_format=json&_secret=%40HEBECXCDWXXISGBAAWQ&_username=cmkadmin1
  response:
    body:
      string: '{"result": null, "result_code": 0}'
    headers:
      Cache-Control:
      - no-cache
      Connection:
      - close
      Content-Length:
      - '34'
      Content-Type:
      - application/json; charset=UTF-8
      Date:
      - Fri, 22 Mar 2019 15:37:52 GMT
      Server:
      - Apache/2.4.25 (Debian)
      Vary:
      - Cookie
    status:
      code: 200
      message: OK
- request:
    body: null
    headers:
      Connection:
      - close
      Host:
      - 35.237.210.125
      User-Agent:
      - Python-urllib/3.5
    method: GET
    uri: http://35.237.210.125/checkmd2/check_mk/webapi.py?action=get_all_users&output_format=json&_secret=%40HEBECXCDWXXISGBAAWQ&_username=cmkadmin1
  response:
    body:
      string: '{"result": {"cmkadmin": {"locked": false, "roles": ["admin"], "last_pw_change":
        1552943043, "alias": "cmkadmin", "enforce_pw_change": false, "serial": 0,
        "password": "$1$793265$KwZy1W0BN91OHTDS4zZMI/", "num_failed_logins": 0}, "cmkadmin1":
        {"force_authuser_webservice": false, "locked": false, "roles": ["admin", "user"],
        "alias": "cmkadmin1", "force_authuser": false, "ui_theme": null, "contactgroups":
        [], "disable_notifications": {}, "automation_secret": "@HEBECXCDWXXISGBAAWQ",
        "start_url": null, "enforce_pw_change": false, "num_failed_logins": 0, "serial":
        1, "password": "$1$112894$4FTBQ/X6TjZiNyS4aB.vu/", "pager": "", "email": "",
        "last_pw_change": 1553201998, "fallback_contact": false}, "user00": {"connector":
        "htpasswd", "contactgroups": [], "locked": false, "roles": ["user"], "alias":
        "User 0", "enforce_pw_change": false, "last_pw_change": 1553269072, "serial":
        1, "password": "$1$498610$4kVH4fiWszvMPfWtB.fAu1", "num_failed_logins": 0}},
        "result_code": 0}'
    headers:
      Cache-Control:
      - no-cache
      Connection:
      - close
      Content-Length:
      - '972'
      Content-Type:
      - application/json; charset=UTF-8
      Date:
      - Fri, 22 Mar 2019 15:37:53 GMT
      Server:
      - Apache/2.4.25 (Debian)
      Vary:
      - Cookie
    status:
      code: 200
      message: OK
- request:
    body: null
    headers:
      Connection:
      - close
      Host:
      - 35.237.210.125
      User-Agent:
      - Python-urllib/3.5
    method: GET
    uri: http://35.237.210.125/checkmd2/check_mk/webapi.py?output_format=json&_secret=2396a766-8de5-4951-b2b6-8b81fc946294&_username=automation&action=get_all_users
  response:
    body:
      string: '{"result": {"automation00": {"connector": "htpasswd", "alias": "Automation
        00", "automation_secret": "s3cr3t1234", "roles": ["user"], "contactgroups":
        [], "enforce_pw_change": false, "last_pw_change": 1553535307, "serial": 0,
        "num_failed_logins": 0}, "cmkadmin": {"locked": false, "roles": ["admin"],
        "last_pw_change": 1553530321, "alias": "cmkadmin", "enforce_pw_change": false,
        "serial": 0, "password": "$1$578428$DjakWHBZ20OPL1JjEQSbi/", "num_failed_logins":
        0}, "automation": {"locked": false, "roles": ["admin"], "language": "en",
        "contactgroups": [], "num_failed_logins": 0, "notifications_enabled": false,
        "alias": "Check_MK Automation - used for calling web services", "automation_secret":
        "2396a766-8de5-4951-b2b6-8b81fc946294", "last_pw_change": 1553530321, "enforce_pw_change":
        false, "serial": 0, "password": "$1$237833$xB0zPWWwQFv8GNQWadiI61", "pager":
        "", "email": ""}}, "result_code": 0}'
    headers:
      Cache-Control:
      - no-cache
      Connection:
      - close
      Content-Length:
      - '902'
      Content-Type:
      - application/json; charset=UTF-8
      Date:
      - Mon, 25 Mar 2019 17:35:08 GMT
      Server:
      - Apache/2.4.25 (Debian)
      Set-Cookie:
      - language=en; path=/; httponly
      Vary:
      - Cookie
    status:
      code: 200
      message: OK
- request:
    body: 'request={"users": ["automation00"]}'
    headers:
      Connection:
      - close
      Content-Length:
      - '35'
      Content-Type:
      - application/x-www-form-urlencoded
      Host:
      - 35.237.210.125
      User-Agent:
      - Python-urllib/3.5
    method: POST
    uri: http://35.237.210.125/checkmd2/check_mk/webapi.py?output_format=json&_secret=2396a766-8de5-4951-b2b6-8b81fc946294&_username=automation&action=delete_users
  response:
    body:
      string: '{"result": null, "result_code": 0}'
    headers:
      Cache-Control:
      - no-cache
      Connection:
      - close
      Content-Length:
      - '34'
      Content-Type:
      - application/json; charset=UTF-8
      Date:
      - Mon, 25 Mar 2019 17:35:08 GMT
      Server:
      - Apache/2.4.25 (Debian)
      Set-Cookie:
      - language=en; path=/; httponly
      Vary:
      - Cookie
    status:
      code: 200
      message: OK
- request:
    body: 'request={"users": {"user00": {"password": "p4ssw0rd", "alias": "User 00"}}}'
    headers:
      Connection:
      - close
      Content-Length:
      - '75'
      Content-Type:
      - application/x-www-form-urlencoded
      Host:
      - 35.237.210.125
      User-Agent:
      - Python-urllib/3.5
    method: POST
    uri: http://35.237.210.125/checkmd2/check_mk/webapi.py?output_format=json&_secret=2396a766-8de5-4951-b2b6-8b81fc946294&_username=automation&action=add_users
  response:
    body:
      string: '{"result": null, "result_code": 0}'
    headers:
      Cache-Control:
      - no-cache
      Connection:
      - close
      Content-Length:
      - '34'
      Content-Type:
      - application/json; charset=UTF-8
      Date:
      - Mon, 25 Mar 2019 17:35:09 GMT
      Server:
      - Apache/2.4.25 (Debian)
      Set-Cookie:
      - language=en; path=/; httponly
      Vary:
      - Cookie
    status:
      code: 200
      message: OK
- request:
    body: null
    headers:
      Connection:
      - close
      Host:
      - 35.237.210.125
      User-Agent:
      - Python-urllib/3.5
    method: GET
    uri: http://35.237.210.125/checkmd2/check_mk/webapi.py?output_format=json&_secret=2396a766-8de5-4951-b2b6-8b81fc946294&_username=automation&action=get_all_users
  response:
    body:
      string: '{"result": {"automation": {"locked": false, "roles": ["admin"], "language":
        "en", "contactgroups": [], "num_failed_logins": 0, "notifications_enabled":
        false, "alias": "Check_MK Automation - used for calling web services", "automation_secret":
        "2396a766-8de5-4951-b2b6-8b81fc946294", "last_pw_change": 1553530321, "enforce_pw_change":
        false, "serial": 0, "password": "$1$237833$xB0zPWWwQFv8GNQWadiI61", "pager":
        "", "email": ""}, "cmkadmin": {"locked": false, "roles": ["admin"], "last_pw_change":
        1553530321, "alias": "cmkadmin", "enforce_pw_change": false, "serial": 0,
        "password": "$1$578428$DjakWHBZ20OPL1JjEQSbi/", "num_failed_logins": 0}, "user00":
        {"locked": false, "roles": ["user"], "contactgroups": [], "last_pw_change":
        1553535309, "connector": "htpasswd", "alias": "User 00", "enforce_pw_change":
        false, "serial": 1, "password": "$1$028476$u.ZJtGVQbnBEcvBI/Qtkb.", "num_failed_logins":
        0}}, "result_code": 0}'
    headers:
      Cache-Control:
      - no-cache
      Connection:
      - close
      Content-Length:
      - '920'
      Content-Type:
      - application/json; charset=UTF-8
      Date:
      - Mon, 25 Mar 2019 17:35:09 GMT
      Server:
      - Apache/2.4.25 (Debian)
      Set-Cookie:
      - language=en; path=/; httponly
      Vary:
      - Cookie
    status:
      code: 200
      message: OK
- request:
    body: 'request={"users": {"user00": {"unset_attributes": [], "set_attributes":
      {"alias": "User 0"}}}}'
    headers:
      Connection:
      - close
      Content-Length:
      - '94'
      Content-Type:
      - application/x-www-form-urlencoded
      Host:
      - 35.237.210.125
      User-Agent:
      - Python-urllib/3.5
    method: POST
    uri: http://35.237.210.125/checkmd2/check_mk/webapi.py?output_format=json&_secret=2396a766-8de5-4951-b2b6-8b81fc946294&_username=automation&action=edit_users
  response:
    body:
      string: '{"result": null, "result_code": 0}'
    headers:
      Cache-Control:
      - no-cache
      Connection:
      - close
      Content-Length:
      - '34'
      Content-Type:
      - application/json; charset=UTF-8
      Date:
      - Mon, 25 Mar 2019 17:35:09 GMT
      Server:
      - Apache/2.4.25 (Debian)
      Set-Cookie:
      - language=en; path=/; httponly
      Vary:
      - Cookie
    status:
      code: 200
      message: OK
- request:
    body: null
    headers:
      Connection:
      - close
      Host:
      - 35.237.210.125
      User-Agent:
      - Python-urllib/3.5
    method: GET
    uri: http://35.237.210.125/checkmd2/check_mk/webapi.py?output_format=json&_secret=2396a766-8de5-4951-b2b6-8b81fc946294&_username=automation&action=get_all_users
  response:
    body:
      string: '{"result": {"user00": {"connector": "htpasswd", "contactgroups": [],
        "locked": false, "roles": ["user"], "alias": "User 0", "enforce_pw_change":
        false, "last_pw_change": 1553535309, "serial": 1, "password": "$1$028476$u.ZJtGVQbnBEcvBI/Qtkb.",
        "num_failed_logins": 0}, "cmkadmin": {"locked": false, "roles": ["admin"],
        "last_pw_change": 1553530321, "alias": "cmkadmin", "enforce_pw_change": false,
        "serial": 0, "password": "$1$578428$DjakWHBZ20OPL1JjEQSbi/", "num_failed_logins":
        0}, "automation": {"locked": false, "language": "en", "roles": ["admin"],
        "contactgroups": [], "num_failed_logins": 0, "notifications_enabled": false,
        "alias": "Check_MK Automation - used for calling web services", "automation_secret":
        "2396a766-8de5-4951-b2b6-8b81fc946294", "last_pw_change": 1553530321, "enforce_pw_change":
        false, "serial": 0, "password": "$1$237833$xB0zPWWwQFv8GNQWadiI61", "pager":
        "", "email": ""}}, "result_code": 0}'
    headers:
      Cache-Control:
      - no-cache
      Connection:
      - close
      Content-Length:
      - '919'
      Content-Type:
      - application/json; charset=UTF-8
      Date:
      - Mon, 25 Mar 2019 17:35:09 GMT
      Server:
      - Apache/2.4.25 (Debian)
      Set-Cookie:
      - language=en; path=/; httponly
      Vary:
      - Cookie
    status:
      code: 200
      message: OK
- request:
    body: null
    headers:
      Connection:
      - close
      Host:
      - 35.237.210.125
      User-Agent:
      - Python-urllib/3.5
    method: GET
    uri: http://35.237.210.125/checkmd2/check_mk/webapi.py?action=get_all_users&_secret=2396a766-8de5-4951-b2b6-8b81fc946294&_username=automation&output_format=json
  response:
    body:
      string: '{"result": {"automation00": {"connector": "htpasswd", "alias": "Automation
        00", "automation_secret": "s3cr3t1234", "roles": ["user"], "contactgroups":
        [], "enforce_pw_change": false, "last_pw_change": 1553535324, "serial": 0,
        "num_failed_logins": 0}, "cmkadmin": {"locked": false, "roles": ["admin"],
        "last_pw_change": 1553530321, "alias": "cmkadmin", "enforce_pw_change": false,
        "serial": 0, "password": "$1$578428$DjakWHBZ20OPL1JjEQSbi/", "num_failed_logins":
        0}, "automation": {"locked": false, "roles": ["admin"], "language": "en",
        "contactgroups": [], "num_failed_logins": 0, "notifications_enabled": false,
        "alias": "Check_MK Automation - used for calling web services", "automation_secret":
        "2396a766-8de5-4951-b2b6-8b81fc946294", "last_pw_change": 1553530321, "enforce_pw_change":
        false, "serial": 0, "password": "$1$237833$xB0zPWWwQFv8GNQWadiI61", "pager":
        "", "email": ""}}, "result_code": 0}'
    headers:
      Cache-Control:
      - no-cache
      Connection:
      - close
      Content-Length:
      - '902'
      Content-Type:
      - application/json; charset=UTF-8
      Date:
      - Mon, 25 Mar 2019 17:35:25 GMT
      Server:
      - Apache/2.4.25 (Debian)
      Set-Cookie:
      - language=en; path=/; httponly
      Vary:
      - Cookie
    status:
      code: 200
      message: OK
- request:
    body: 'request={"users": ["automation00"]}'
    headers:
      Connection:
      - close
      Content-Length:
      - '35'
      Content-Type:
      - application/x-www-form-urlencoded
      Host:
      - 35.237.210.125
      User-Agent:
      - Python-urllib/3.5
    method: POST
    uri: http://35.237.210.125/checkmd2/check_mk/webapi.py?action=delete_users&_secret=2396a766-8de5-4951-b2b6-8b81fc946294&_username=automation&output_format=json
  response:
    body:
      string: '{"result": null, "result_code": 0}'
    headers:
      Cache-Control:
      - no-cache
      Connection:
      - close
      Content-Length:
      - '34'
      Content-Type:
      - application/json; charset=UTF-8
      Date:
      - Mon, 25 Mar 2019 17:35:25 GMT
      Server:
      - Apache/2.4.25 (Debian)
      Set-Cookie:
      - language=en; path=/; httponly
      Vary:
      - Cookie
    status:
      code: 200
      message: OK
- request:
    body: 'request={"users": {"user00": {"alias": "User 00", "password": "p4ssw0rd"}}}'
    headers:
      Connection:
      - close
      Content-Length:
      - '75'
      Content-Type:
      - application/x-www-form-urlencoded
      Host:
      - 35.237.210.125
      User-Agent:
      - Python-urllib/3.5
    method: POST
    uri: http://35.237.210.125/checkmd2/check_mk/webapi.py?action=add_users&_secret=2396a766-8de5-4951-b2b6-8b81fc946294&_username=automation&output_format=json
  response:
    body:
      string: '{"result": null, "result_code": 0}'
    headers:
      Cache-Control:
      - no-cache
      Connection:
      - close
      Content-Length:
      - '34'
      Content-Type:
      - application/json; charset=UTF-8
      Date:
      - Mon, 25 Mar 2019 17:35:26 GMT
      Server:
      - Apache/2.4.25 (Debian)
      Set-Cookie:
      - language=en; path=/; httponly
      Vary:
      - Cookie
    status:
      code: 200
      message: OK
- request:
    body: null
    headers:
      Connection:
      - close
      Host:
      - 35.237.210.125
      User-Agent:
      - Python-urllib/3.5
    method: GET
    uri: http://35.237.210.125/checkmd2/check_mk/webapi.py?action=get_all_users&_secret=2396a766-8de5-4951-b2b6-8b81fc946294&_username=automation&output_format=json
  response:
    body:
      string: '{"result": {"automation": {"locked": false, "roles": ["admin"], "language":
        "en", "contactgroups": [], "num_failed_logins": 0, "notifications_enabled":
        false, "alias": "Check_MK Automation - used for calling web services", "automation_secret":
        "2396a766-8de5-4951-b2b6-8b81fc946294", "last_pw_change": 1553530321, "enforce_pw_change":
        false, "serial": 0, "password": "$1$237833$xB0zPWWwQFv8GNQWadiI61", "pager":
        "", "email": ""}, "cmkadmin": {"locked": false, "roles": ["admin"], "last_pw_change":
        1553530321, "alias": "cmkadmin", "enforce_pw_change": false, "serial": 0,
        "password": "$1$578428$DjakWHBZ20OPL1JjEQSbi/", "num_failed_logins": 0}, "user00":
        {"locked": false, "roles": ["user"], "contactgroups": [], "last_pw_change":
        1553535326, "connector": "htpasswd", "alias": "User 00", "enforce_pw_change":
        false, "serial": 1, "password": "$1$068509$Ox85/BfI/fgUt9hkeRyRp.", "num_failed_logins":
        0}}, "result_code": 0}'
    headers:
      Cache-Control:
      - no-cache
      Connection:
      - close
      Content-Length:
      - '920'
      Content-Type:
      - application/json; charset=UTF-8
      Date:
      - Mon, 25 Mar 2019 17:35:26 GMT
      Server:
      - Apache/2.4.25 (Debian)
      Set-Cookie:
      - language=en; path=/; httponly
      Vary:
      - Cookie
    status:
      code: 200
      message: OK
- request:
    body: 'request={"users": {"user00": {"set_attributes": {"alias": "User 0"}, "unset_attributes":
      []}}}'
    headers:
      Connection:
      - close
      Content-Length:
      - '94'
      Content-Type:
      - application/x-www-form-urlencoded
      Host:
      - 35.237.210.125
      User-Agent:
      - Python-urllib/3.5
    method: POST
    uri: http://35.237.210.125/checkmd2/check_mk/webapi.py?action=edit_users&_secret=2396a766-8de5-4951-b2b6-8b81fc946294&_username=automation&output_format=json
  response:
    body:
      string: '{"result": null, "result_code": 0}'
    headers:
      Cache-Control:
      - no-cache
      Connection:
      - close
      Content-Length:
      - '34'
      Content-Type:
      - application/json; charset=UTF-8
      Date:
      - Mon, 25 Mar 2019 17:35:26 GMT
      Server:
      - Apache/2.4.25 (Debian)
      Set-Cookie:
      - language=en; path=/; httponly
      Vary:
      - Cookie
    status:
      code: 200
      message: OK
- request:
    body: null
    headers:
      Connection:
      - close
      Host:
      - 35.237.210.125
      User-Agent:
      - Python-urllib/3.5
    method: GET
    uri: http://35.237.210.125/checkmd2/check_mk/webapi.py?action=get_all_users&_secret=2396a766-8de5-4951-b2b6-8b81fc946294&_username=automation&output_format=json
  response:
    body:
      string: '{"result": {"user00": {"connector": "htpasswd", "contactgroups": [],
        "locked": false, "roles": ["user"], "alias": "User 0", "enforce_pw_change":
        false, "last_pw_change": 1553535326, "serial": 1, "password": "$1$068509$Ox85/BfI/fgUt9hkeRyRp.",
        "num_failed_logins": 0}, "cmkadmin": {"locked": false, "roles": ["admin"],
        "last_pw_change": 1553530321, "alias": "cmkadmin", "enforce_pw_change": false,
        "serial": 0, "password": "$1$578428$DjakWHBZ20OPL1JjEQSbi/", "num_failed_logins":
        0}, "automation": {"locked": false, "language": "en", "roles": ["admin"],
        "contactgroups": [], "num_failed_logins": 0, "notifications_enabled": false,
        "alias": "Check_MK Automation - used for calling web services", "automation_secret":
        "2396a766-8de5-4951-b2b6-8b81fc946294", "last_pw_change": 1553530321, "enforce_pw_change":
        false, "serial": 0, "password": "$1$237833$xB0zPWWwQFv8GNQWadiI61", "pager":
        "", "email": ""}}, "result_code": 0}'
    headers:
      Cache-Control:
      - no-cache
      Connection:
      - close
      Content-Length:
      - '919'
      Content-Type:
      - application/json; charset=UTF-8
      Date:
      - Mon, 25 Mar 2019 17:35:26 GMT
      Server:
      - Apache/2.4.25 (Debian)
      Set-Cookie:
      - language=en; path=/; httponly
      Vary:
      - Cookie
    status:
      code: 200
      message: OK
version: 1
