interactions:
- request:
    body: null
    headers:
      Connection:
      - close
      Host:
      - 35.237.210.125
      User-Agent:
      - Python-urllib/3.5
    method: GET
    uri: http://35.237.210.125/checkmd2/check_mk/webapi.py?output_format=json&_secret=%40HEBECXCDWXXISGBAAWQ&_username=cmkadmin1&action=get_all_folders
  response:
    body:
      string: '{"result": {"": {}, "test": {}}, "result_code": 0}'
    headers:
      Cache-Control:
      - no-cache
      Connection:
      - close
      Content-Length:
      - '50'
      Content-Type:
      - application/json; charset=UTF-8
      Date:
      - Fri, 22 Mar 2019 15:31:15 GMT
      Server:
      - Apache/2.4.25 (Debian)
      Vary:
      - Cookie
    status:
      code: 200
      message: OK
- request:
    body: 'request={"folder": "test"}'
    headers:
      Connection:
      - close
      Content-Length:
      - '26'
      Content-Type:
      - application/x-www-form-urlencoded
      Host:
      - 35.237.210.125
      User-Agent:
      - Python-urllib/3.5
    method: POST
    uri: http://35.237.210.125/checkmd2/check_mk/webapi.py?output_format=json&_secret=%40HEBECXCDWXXISGBAAWQ&_username=cmkadmin1&action=delete_folder
  response:
    body:
      string: '{"result": null, "result_code": 0}'
    headers:
      Cache-Control:
      - no-cache
      Connection:
      - close
      Content-Length:
      - '34'
      Content-Type:
      - application/json; charset=UTF-8
      Date:
      - Fri, 22 Mar 2019 15:31:16 GMT
      Server:
      - Apache/2.4.25 (Debian)
      Vary:
      - Cookie
    status:
      code: 200
      message: OK
- request:
    body: 'request={"attributes": {}, "folder": "productive"}'
    headers:
      Connection:
      - close
      Content-Length:
      - '50'
      Content-Type:
      - application/x-www-form-urlencoded
      Host:
      - 35.237.210.125
      User-Agent:
      - Python-urllib/3.5
    method: POST
    uri: http://35.237.210.125/checkmd2/check_mk/webapi.py?output_format=json&_secret=%40HEBECXCDWXXISGBAAWQ&_username=cmkadmin1&action=add_folder
  response:
    body:
      string: '{"result": null, "result_code": 0}'
    headers:
      Cache-Control:
      - no-cache
      Connection:
      - close
      Content-Length:
      - '34'
      Content-Type:
      - application/json; charset=UTF-8
      Date:
      - Fri, 22 Mar 2019 15:31:16 GMT
      Server:
      - Apache/2.4.25 (Debian)
      Vary:
      - Cookie
    status:
      code: 200
      message: OK
- request:
    body: 'request={"attributes": {}, "folder": "testing"}'
    headers:
      Connection:
      - close
      Content-Length:
      - '47'
      Content-Type:
      - application/x-www-form-urlencoded
      Host:
      - 35.237.210.125
      User-Agent:
      - Python-urllib/3.5
    method: POST
    uri: http://35.237.210.125/checkmd2/check_mk/webapi.py?output_format=json&_secret=%40HEBECXCDWXXISGBAAWQ&_username=cmkadmin1&action=add_folder
  response:
    body:
      string: '{"result": null, "result_code": 0}'
    headers:
      Cache-Control:
      - no-cache
      Connection:
      - close
      Content-Length:
      - '34'
      Content-Type:
      - application/json; charset=UTF-8
      Date:
      - Fri, 22 Mar 2019 15:31:17 GMT
      Server:
      - Apache/2.4.25 (Debian)
      Vary:
      - Cookie
    status:
      code: 200
      message: OK
- request:
    body: null
    headers:
      Connection:
      - close
      Host:
      - 35.237.210.125
      User-Agent:
      - Python-urllib/3.5
    method: GET
    uri: http://35.237.210.125/checkmd2/check_mk/webapi.py?output_format=json&_secret=%40HEBECXCDWXXISGBAAWQ&_username=cmkadmin1&action=get_all_folders
  response:
    body:
      string: '{"result": {"": {}, "productive": {}, "testing": {}}, "result_code":
        0}'
    headers:
      Cache-Control:
      - no-cache
      Connection:
      - close
      Content-Length:
      - '71'
      Content-Type:
      - application/json; charset=UTF-8
      Date:
      - Fri, 22 Mar 2019 15:31:17 GMT
      Server:
      - Apache/2.4.25 (Debian)
      Vary:
      - Cookie
    status:
      code: 200
      message: OK
- request:
    body: null
    headers:
      Connection:
      - close
      Host:
      - 35.237.210.125
      User-Agent:
      - Python-urllib/3.5
    method: GET
    uri: http://35.237.210.125/checkmd2/check_mk/webapi.py?output_format=json&_secret=%40HEBECXCDWXXISGBAAWQ&_username=cmkadmin1&action=get_all_folders
  response:
    body:
      string: '{"result": {"": {}, "test": {}}, "result_code": 0}'
    headers:
      Cache-Control:
      - no-cache
      Connection:
      - close
      Content-Length:
      - '50'
      Content-Type:
      - application/json; charset=UTF-8
      Date:
      - Fri, 22 Mar 2019 15:33:28 GMT
      Server:
      - Apache/2.4.25 (Debian)
      Vary:
      - Cookie
    status:
      code: 200
      message: OK
- request:
    body: 'request={"folder": "test"}'
    headers:
      Connection:
      - close
      Content-Length:
      - '26'
      Content-Type:
      - application/x-www-form-urlencoded
      Host:
      - 35.237.210.125
      User-Agent:
      - Python-urllib/3.5
    method: POST
    uri: http://35.237.210.125/checkmd2/check_mk/webapi.py?output_format=json&_secret=%40HEBECXCDWXXISGBAAWQ&_username=cmkadmin1&action=delete_folder
  response:
    body:
      string: '{"result": null, "result_code": 0}'
    headers:
      Cache-Control:
      - no-cache
      Connection:
      - close
      Content-Length:
      - '34'
      Content-Type:
      - application/json; charset=UTF-8
      Date:
      - Fri, 22 Mar 2019 15:33:28 GMT
      Server:
      - Apache/2.4.25 (Debian)
      Vary:
      - Cookie
    status:
      code: 200
      message: OK
- request:
    body: 'request={"attributes": {}, "folder": "productive"}'
    headers:
      Connection:
      - close
      Content-Length:
      - '50'
      Content-Type:
      - application/x-www-form-urlencoded
      Host:
      - 35.237.210.125
      User-Agent:
      - Python-urllib/3.5
    method: POST
    uri: http://35.237.210.125/checkmd2/check_mk/webapi.py?output_format=json&_secret=%40HEBECXCDWXXISGBAAWQ&_username=cmkadmin1&action=add_folder
  response:
    body:
      string: '{"result": null, "result_code": 0}'
    headers:
      Cache-Control:
      - no-cache
      Connection:
      - close
      Content-Length:
      - '34'
      Content-Type:
      - application/json; charset=UTF-8
      Date:
      - Fri, 22 Mar 2019 15:33:28 GMT
      Server:
      - Apache/2.4.25 (Debian)
      Vary:
      - Cookie
    status:
      code: 200
      message: OK
- request:
    body: 'request={"attributes": {}, "folder": "testing"}'
    headers:
      Connection:
      - close
      Content-Length:
      - '47'
      Content-Type:
      - application/x-www-form-urlencoded
      Host:
      - 35.237.210.125
      User-Agent:
      - Python-urllib/3.5
    method: POST
    uri: http://35.237.210.125/checkmd2/check_mk/webapi.py?output_format=json&_secret=%40HEBECXCDWXXISGBAAWQ&_username=cmkadmin1&action=add_folder
  response:
    body:
      string: '{"result": null, "result_code": 0}'
    headers:
      Cache-Control:
      - no-cache
      Connection:
      - close
      Content-Length:
      - '34'
      Content-Type:
      - application/json; charset=UTF-8
      Date:
      - Fri, 22 Mar 2019 15:33:28 GMT
      Server:
      - Apache/2.4.25 (Debian)
      Vary:
      - Cookie
    status:
      code: 200
      message: OK
- request:
    body: null
    headers:
      Connection:
      - close
      Host:
      - 35.237.210.125
      User-Agent:
      - Python-urllib/3.5
    method: GET
    uri: http://35.237.210.125/checkmd2/check_mk/webapi.py?output_format=json&_secret=%40HEBECXCDWXXISGBAAWQ&_username=cmkadmin1&action=get_all_folders
  response:
    body:
      string: '{"result": {"": {}, "productive": {}, "testing": {}}, "result_code":
        0}'
    headers:
      Cache-Control:
      - no-cache
      Connection:
      - close
      Content-Length:
      - '71'
      Content-Type:
      - application/json; charset=UTF-8
      Date:
      - Fri, 22 Mar 2019 15:33:29 GMT
      Server:
      - Apache/2.4.25 (Debian)
      Vary:
      - Cookie
    status:
      code: 200
      message: OK
- request:
    body: null
    headers:
      Connection:
      - close
      Host:
      - 35.237.210.125
      User-Agent:
      - Python-urllib/3.5
    method: GET
    uri: http://35.237.210.125/checkmd2/check_mk/webapi.py?output_format=json&_secret=%40HEBECXCDWXXISGBAAWQ&_username=cmkadmin1&action=get_all_folders
  response:
    body:
      string: '{"result": {"": {}, "test": {}}, "result_code": 0}'
    headers:
      Cache-Control:
      - no-cache
      Connection:
      - close
      Content-Length:
      - '50'
      Content-Type:
      - application/json; charset=UTF-8
      Date:
      - Fri, 22 Mar 2019 15:34:36 GMT
      Server:
      - Apache/2.4.25 (Debian)
      Vary:
      - Cookie
    status:
      code: 200
      message: OK
- request:
    body: 'request={"folder": "test"}'
    headers:
      Connection:
      - close
      Content-Length:
      - '26'
      Content-Type:
      - application/x-www-form-urlencoded
      Host:
      - 35.237.210.125
      User-Agent:
      - Python-urllib/3.5
    method: POST
    uri: http://35.237.210.125/checkmd2/check_mk/webapi.py?output_format=json&_secret=%40HEBECXCDWXXISGBAAWQ&_username=cmkadmin1&action=delete_folder
  response:
    body:
      string: '{"result": null, "result_code": 0}'
    headers:
      Cache-Control:
      - no-cache
      Connection:
      - close
      Content-Length:
      - '34'
      Content-Type:
      - application/json; charset=UTF-8
      Date:
      - Fri, 22 Mar 2019 15:34:36 GMT
      Server:
      - Apache/2.4.25 (Debian)
      Vary:
      - Cookie
    status:
      code: 200
      message: OK
- request:
    body: 'request={"folder": "productive", "attributes": {}}'
    headers:
      Connection:
      - close
      Content-Length:
      - '50'
      Content-Type:
      - application/x-www-form-urlencoded
      Host:
      - 35.237.210.125
      User-Agent:
      - Python-urllib/3.5
    method: POST
    uri: http://35.237.210.125/checkmd2/check_mk/webapi.py?output_format=json&_secret=%40HEBECXCDWXXISGBAAWQ&_username=cmkadmin1&action=add_folder
  response:
    body:
      string: '{"result": null, "result_code": 0}'
    headers:
      Cache-Control:
      - no-cache
      Connection:
      - close
      Content-Length:
      - '34'
      Content-Type:
      - application/json; charset=UTF-8
      Date:
      - Fri, 22 Mar 2019 15:34:36 GMT
      Server:
      - Apache/2.4.25 (Debian)
      Vary:
      - Cookie
    status:
      code: 200
      message: OK
- request:
    body: 'request={"folder": "testing", "attributes": {}}'
    headers:
      Connection:
      - close
      Content-Length:
      - '47'
      Content-Type:
      - application/x-www-form-urlencoded
      Host:
      - 35.237.210.125
      User-Agent:
      - Python-urllib/3.5
    method: POST
    uri: http://35.237.210.125/checkmd2/check_mk/webapi.py?output_format=json&_secret=%40HEBECXCDWXXISGBAAWQ&_username=cmkadmin1&action=add_folder
  response:
    body:
      string: '{"result": null, "result_code": 0}'
    headers:
      Cache-Control:
      - no-cache
      Connection:
      - close
      Content-Length:
      - '34'
      Content-Type:
      - application/json; charset=UTF-8
      Date:
      - Fri, 22 Mar 2019 15:34:36 GMT
      Server:
      - Apache/2.4.25 (Debian)
      Vary:
      - Cookie
    status:
      code: 200
      message: OK
- request:
    body: null
    headers:
      Connection:
      - close
      Host:
      - 35.237.210.125
      User-Agent:
      - Python-urllib/3.5
    method: GET
    uri: http://35.237.210.125/checkmd2/check_mk/webapi.py?output_format=json&_secret=%40HEBECXCDWXXISGBAAWQ&_username=cmkadmin1&action=get_all_folders
  response:
    body:
      string: '{"result": {"": {}, "productive": {}, "testing": {}}, "result_code":
        0}'
    headers:
      Cache-Control:
      - no-cache
      Connection:
      - close
      Content-Length:
      - '71'
      Content-Type:
      - application/json; charset=UTF-8
      Date:
      - Fri, 22 Mar 2019 15:34:37 GMT
      Server:
      - Apache/2.4.25 (Debian)
      Vary:
      - Cookie
    status:
      code: 200
      message: OK
- request:
    body: null
    headers:
      Connection:
      - close
      Host:
      - 35.237.210.125
      User-Agent:
      - Python-urllib/3.5
    method: GET
    uri: http://35.237.210.125/checkmd2/check_mk/webapi.py?action=get_all_folders&output_format=json&_secret=%40HEBECXCDWXXISGBAAWQ&_username=cmkadmin1
  response:
    body:
      string: '{"result": {"": {}, "test": {}}, "result_code": 0}'
    headers:
      Cache-Control:
      - no-cache
      Connection:
      - close
      Content-Length:
      - '50'
      Content-Type:
      - application/json; charset=UTF-8
      Date:
      - Fri, 22 Mar 2019 15:36:45 GMT
      Server:
      - Apache/2.4.25 (Debian)
      Vary:
      - Cookie
    status:
      code: 200
      message: OK
- request:
    body: 'request={"folder": "test"}'
    headers:
      Connection:
      - close
      Content-Length:
      - '26'
      Content-Type:
      - application/x-www-form-urlencoded
      Host:
      - 35.237.210.125
      User-Agent:
      - Python-urllib/3.5
    method: POST
    uri: http://35.237.210.125/checkmd2/check_mk/webapi.py?action=delete_folder&output_format=json&_secret=%40HEBECXCDWXXISGBAAWQ&_username=cmkadmin1
  response:
    body:
      string: '{"result": null, "result_code": 0}'
    headers:
      Cache-Control:
      - no-cache
      Connection:
      - close
      Content-Length:
      - '34'
      Content-Type:
      - application/json; charset=UTF-8
      Date:
      - Fri, 22 Mar 2019 15:36:45 GMT
      Server:
      - Apache/2.4.25 (Debian)
      Vary:
      - Cookie
    status:
      code: 200
      message: OK
- request:
    body: 'request={"folder": "productive", "attributes": {}}'
    headers:
      Connection:
      - close
      Content-Length:
      - '50'
      Content-Type:
      - application/x-www-form-urlencoded
      Host:
      - 35.237.210.125
      User-Agent:
      - Python-urllib/3.5
    method: POST
    uri: http://35.237.210.125/checkmd2/check_mk/webapi.py?action=add_folder&output_format=json&_secret=%40HEBECXCDWXXISGBAAWQ&_username=cmkadmin1
  response:
    body:
      string: '{"result": null, "result_code": 0}'
    headers:
      Cache-Control:
      - no-cache
      Connection:
      - close
      Content-Length:
      - '34'
      Content-Type:
      - application/json; charset=UTF-8
      Date:
      - Fri, 22 Mar 2019 15:36:45 GMT
      Server:
      - Apache/2.4.25 (Debian)
      Vary:
      - Cookie
    status:
      code: 200
      message: OK
- request:
    body: 'request={"folder": "testing", "attributes": {}}'
    headers:
      Connection:
      - close
      Content-Length:
      - '47'
      Content-Type:
      - application/x-www-form-urlencoded
      Host:
      - 35.237.210.125
      User-Agent:
      - Python-urllib/3.5
    method: POST
    uri: http://35.237.210.125/checkmd2/check_mk/webapi.py?action=add_folder&output_format=json&_secret=%40HEBECXCDWXXISGBAAWQ&_username=cmkadmin1
  response:
    body:
      string: '{"result": null, "result_code": 0}'
    headers:
      Cache-Control:
      - no-cache
      Connection:
      - close
      Content-Length:
      - '34'
      Content-Type:
      - application/json; charset=UTF-8
      Date:
      - Fri, 22 Mar 2019 15:36:46 GMT
      Server:
      - Apache/2.4.25 (Debian)
      Vary:
      - Cookie
    status:
      code: 200
      message: OK
- request:
    body: null
    headers:
      Connection:
      - close
      Host:
      - 35.237.210.125
      User-Agent:
      - Python-urllib/3.5
    method: GET
    uri: http://35.237.210.125/checkmd2/check_mk/webapi.py?action=get_all_folders&output_format=json&_secret=%40HEBECXCDWXXISGBAAWQ&_username=cmkadmin1
  response:
    body:
      string: '{"result": {"": {}, "productive": {}, "testing": {}}, "result_code":
        0}'
    headers:
      Cache-Control:
      - no-cache
      Connection:
      - close
      Content-Length:
      - '71'
      Content-Type:
      - application/json; charset=UTF-8
      Date:
      - Fri, 22 Mar 2019 15:36:46 GMT
      Server:
      - Apache/2.4.25 (Debian)
      Vary:
      - Cookie
    status:
      code: 200
      message: OK
- request:
    body: null
    headers:
      Connection:
      - close
      Host:
      - 35.237.210.125
      User-Agent:
      - Python-urllib/3.5
    method: GET
    uri: http://35.237.210.125/checkmd2/check_mk/webapi.py?output_format=json&action=get_all_folders&_username=cmkadmin1&_secret=%40HEBECXCDWXXISGBAAWQ
  response:
    body:
      string: '{"result": {"": {}, "test": {}}, "result_code": 0}'
    headers:
      Cache-Control:
      - no-cache
      Connection:
      - close
      Content-Length:
      - '50'
      Content-Type:
      - application/json; charset=UTF-8
      Date:
      - Fri, 22 Mar 2019 15:40:04 GMT
      Server:
      - Apache/2.4.25 (Debian)
      Vary:
      - Cookie
    status:
      code: 200
      message: OK
- request:
    body: 'request={"folder": "test"}'
    headers:
      Connection:
      - close
      Content-Length:
      - '26'
      Content-Type:
      - application/x-www-form-urlencoded
      Host:
      - 35.237.210.125
      User-Agent:
      - Python-urllib/3.5
    method: POST
    uri: http://35.237.210.125/checkmd2/check_mk/webapi.py?output_format=json&action=delete_folder&_username=cmkadmin1&_secret=%40HEBECXCDWXXISGBAAWQ
  response:
    body:
      string: '{"result": null, "result_code": 0}'
    headers:
      Cache-Control:
      - no-cache
      Connection:
      - close
      Content-Length:
      - '34'
      Content-Type:
      - application/json; charset=UTF-8
      Date:
      - Fri, 22 Mar 2019 15:40:04 GMT
      Server:
      - Apache/2.4.25 (Debian)
      Vary:
      - Cookie
    status:
      code: 200
      message: OK
- request:
    body: 'request={"attributes": {}, "folder": "productive"}'
    headers:
      Connection:
      - close
      Content-Length:
      - '50'
      Content-Type:
      - application/x-www-form-urlencoded
      Host:
      - 35.237.210.125
      User-Agent:
      - Python-urllib/3.5
    method: POST
    uri: http://35.237.210.125/checkmd2/check_mk/webapi.py?output_format=json&action=add_folder&_username=cmkadmin1&_secret=%40HEBECXCDWXXISGBAAWQ
  response:
    body:
      string: '{"result": null, "result_code": 0}'
    headers:
      Cache-Control:
      - no-cache
      Connection:
      - close
      Content-Length:
      - '34'
      Content-Type:
      - application/json; charset=UTF-8
      Date:
      - Fri, 22 Mar 2019 15:40:05 GMT
      Server:
      - Apache/2.4.25 (Debian)
      Vary:
      - Cookie
    status:
      code: 200
      message: OK
- request:
    body: 'request={"attributes": {}, "folder": "testing"}'
    headers:
      Connection:
      - close
      Content-Length:
      - '47'
      Content-Type:
      - application/x-www-form-urlencoded
      Host:
      - 35.237.210.125
      User-Agent:
      - Python-urllib/3.5
    method: POST
    uri: http://35.237.210.125/checkmd2/check_mk/webapi.py?output_format=json&action=add_folder&_username=cmkadmin1&_secret=%40HEBECXCDWXXISGBAAWQ
  response:
    body:
      string: '{"result": null, "result_code": 0}'
    headers:
      Cache-Control:
      - no-cache
      Connection:
      - close
      Content-Length:
      - '34'
      Content-Type:
      - application/json; charset=UTF-8
      Date:
      - Fri, 22 Mar 2019 15:40:05 GMT
      Server:
      - Apache/2.4.25 (Debian)
      Vary:
      - Cookie
    status:
      code: 200
      message: OK
- request:
    body: null
    headers:
      Connection:
      - close
      Host:
      - 35.237.210.125
      User-Agent:
      - Python-urllib/3.5
    method: GET
    uri: http://35.237.210.125/checkmd2/check_mk/webapi.py?output_format=json&action=get_all_folders&_username=cmkadmin1&_secret=%40HEBECXCDWXXISGBAAWQ
  response:
    body:
      string: '{"result": {"": {}, "productive": {}, "testing": {}}, "result_code":
        0}'
    headers:
      Cache-Control:
      - no-cache
      Connection:
      - close
      Content-Length:
      - '71'
      Content-Type:
      - application/json; charset=UTF-8
      Date:
      - Fri, 22 Mar 2019 15:40:05 GMT
      Server:
      - Apache/2.4.25 (Debian)
      Vary:
      - Cookie
    status:
      code: 200
      message: OK
version: 1
